// Jest Snapshot v1, https://goo.gl/fbAQLP

exports[`<ProductsView /> test Should render a ProductsView 1`] = `
<Router
  history={
    Object {
      "action": "POP",
      "block": [Function],
      "createHref": [Function],
      "go": [Function],
      "goBack": [Function],
      "goForward": [Function],
      "length": 1,
      "listen": [Function],
      "location": Object {
        "hash": "",
        "pathname": "blank",
        "search": "",
        "state": undefined,
      },
      "push": [Function],
      "replace": [Function],
    }
  }
>
  <ProductsView
    address="capital"
    condition="usado"
    free_shipping={true}
    id={1}
    picture="test.jpg"
    price={
      Object {
        "amount": 2000,
        "currency": "ARS",
        "decimals": 2,
      }
    }
    title="test"
  />
</Router>
`;
