// Jest Snapshot v1, https://goo.gl/fbAQLP

exports[`Header should render Head component with props  1`] = `
<HelmetWrapper
  defer={true}
  encodeSpecialCharacters={true}
>
  <title>
    Title de prueba
  </title>
  <meta
    content="Descripcion de prueba"
    name="description"
  />
</HelmetWrapper>
`;
